>>> 21:00:08 marbert_soft_ad (soft/d3tok seed=42)
<<< 21:56:09 done marbert_soft_ad (exit 0)
>>> 21:56:31 camelbert_soft_ad (soft/d3tok seed=42)
<<< 22:44:52 done camelbert_soft_ad (exit 0)
>>> 22:45:13 araelectra_soft_ad (soft/d3tok seed=42)
<<< 23:17:18 done araelectra_soft_ad (exit 0)
>>> 23:17:32 arbertv2_soft_ad (soft/d3tok seed=42)
<<< 23:45:52 done arbertv2_soft_ad (exit 0)
>>> 23:46:06 twitter_soft_ad (soft/d3tok seed=42)
<<< 00:34:51 done twitter_soft_ad (exit 0)
>>> 00:35:19 twitter_corn_ad (corn/d3tok seed=42)
<<< 01:36:20 done twitter_corn_ad (exit 0)
>>> 01:36:34 arabertv2_oll_ad (oll/d3tok seed=42)
<<< 02:47:57 done arabertv2_oll_ad (exit 0)
>>> 02:48:20 araelectra_oll_ad (oll/d3tok seed=42)
<<< 03:46:12 done araelectra_oll_ad (exit 0)
>>> 03:46:41 marbert_corn_ad (corn/d3tok seed=42)
<<< 04:38:05 done marbert_corn_ad (exit 0)
>>> 04:38:17 camelbert_corn_ad (corn/d3tok seed=42)
<<< 05:08:48 done camelbert_corn_ad (exit 0)
>>> 05:08:59 araelectra_wkl_ad (wkl/d3tok seed=42)
<<< 05:35:25 done araelectra_wkl_ad (exit 0)
>>> 05:35:39 arbertv2_reg_ad (reg/d3tok seed=42)
<<< 06:03:40 done arbertv2_reg_ad (exit 0)
>>> 06:03:54 aramodern_soft_ad (soft/raw seed=42)
<<< 06:46:12 done aramodern_soft_ad (exit 0)
>>> 06:46:29 arabertv2_reg_ad (reg/d3tok seed=42)
<<< 07:14:37 done arabertv2_reg_ad (exit 0)
>>> 07:14:49 marbert_emd_ad (emd/d3tok seed=42)
<<< 07:44:16 done marbert_emd_ad (exit 0)
>>> 07:44:27 camelbert_emd_ad (emd/d3tok seed=42)
<<< 08:09:41 done camelbert_emd_ad (exit 0)
>>> 08:09:53 arabertv2_wkl_ad2 (wkl/d3tok seed=2027)
<<< 08:34:42 done arabertv2_wkl_ad2 (exit 0)
>>> 08:34:55 arabertv2_soft_ad2 (soft/d3tok seed=2027)
<<< 08:59:26 done arabertv2_soft_ad2 (exit 0)
=== OT CAMPAIGN DONE 08:59:39 ===
