[alldata] train=62155 (train+dev), holdout=test=7286

Loading weights:   0%|          | 0/199 [00:00<?, ?it/s]
Loading weights: 100%|██████████| 199/199 [00:00<00:00, 8546.57it/s]
[transformers] [1mBertModel LOAD REPORT[0m from: aubmindlab/bert-base-arabertv2
Key                                        | Status     |  | 
-------------------------------------------+------------+--+-
cls.predictions.transform.LayerNorm.weight | UNEXPECTED |  | 
cls.predictions.transform.dense.bias       | UNEXPECTED |  | 
cls.predictions.transform.LayerNorm.bias   | UNEXPECTED |  | 
cls.predictions.bias                       | UNEXPECTED |  | 
cls.seq_relationship.bias                  | UNEXPECTED |  | 
cls.predictions.transform.dense.weight     | UNEXPECTED |  | 
cls.seq_relationship.weight                | UNEXPECTED |  | 

Notes:
- UNEXPECTED:	can be ignored when loading from different task/architecture; not ok if you expect identical arch.
ep0 loss=2.0462 dev_QWK(naive)=81.171 245s
ep1 loss=1.4078 dev_QWK(naive)=84.615 243s
ep2 loss=1.1646 dev_QWK(naive)=85.112 243s
ep3 loss=0.9760 dev_QWK(naive)=84.002 246s
ep4 loss=0.8105 dev_QWK(naive)=84.039 246s
ep5 loss=0.6773 dev_QWK(naive)=83.458 246s
early stop
[arabertv2_wkl_ad2 DEV  cal] QWK=85.9021 Acc19=38.84 Acc7=60.10 Acc5=67.42 Acc3=75.28 Adj+-1=76.42 MAE=1.0865
[arabertv2_wkl_ad2 TEST cal] QWK=85.9021 Acc19=38.84 Acc7=60.10 Acc5=67.42 Acc3=75.28 Adj+-1=76.42 MAE=1.0865
saved scores_arabertv2_wkl_ad2.npz and checkpoint /SLRA-OT/scripts/../models/arabertv2_wkl_ad2
