Loading weights:   0%|          | 0/199 [00:00<?, ?it/s]Loading weights: 100%|██████████| 199/199 [00:00<00:00, 7061.30it/s]
[transformers] [1mBertModel LOAD REPORT[0m from: aubmindlab/bert-base-arabertv2
Key                                        | Status     |  | 
-------------------------------------------+------------+--+-
cls.predictions.bias                       | UNEXPECTED |  | 
cls.predictions.transform.dense.weight     | UNEXPECTED |  | 
cls.seq_relationship.weight                | UNEXPECTED |  | 
cls.predictions.transform.dense.bias       | UNEXPECTED |  | 
cls.seq_relationship.bias                  | UNEXPECTED |  | 
cls.predictions.transform.LayerNorm.bias   | UNEXPECTED |  | 
cls.predictions.transform.LayerNorm.weight | UNEXPECTED |  | 

Notes:
- UNEXPECTED:	can be ignored when loading from different task/architecture; not ok if you expect identical arch.
[silver] 438996 sentences, 1 epoch(s)
[silver] ep0 loss=0.3425 2543s
[gold] train=54845 dev=7310 (early stop) test=7286 (untouched)
[gold] ep0 loss=0.4775 208s dev_QWK(naive)=84.170
[gold] ep1 loss=0.4018 210s dev_QWK(naive)=83.253
[gold] ep2 loss=0.3202 211s dev_QWK(naive)=83.033
[gold] ep3 loss=0.2519 208s dev_QWK(naive)=82.793
early stop
[arabertv2_soft_slv DEV  cal] QWK=85.0112 Acc19=36.47 Acc7=62.04 Acc5=68.13 Acc3=76.46 Adj+-1=73.60 MAE=1.1785
[arabertv2_soft_slv TEST cal] QWK=85.1504 Acc19=34.68 Acc7=60.42 Acc5=65.95 Acc3=73.44 Adj+-1=72.50 MAE=1.1764
saved member arabertv2_soft_slv
