[alldata] train=62155 (train+dev), holdout=test=7286

Loading weights:   0%|          | 0/199 [00:00<?, ?it/s]
Loading weights: 100%|██████████| 199/199 [00:00<00:00, 59957.37it/s]
[transformers] [1mBertModel LOAD REPORT[0m from: UBC-NLP/MARBERTv2
Key                                        | Status     |  | 
-------------------------------------------+------------+--+-
cls.predictions.transform.LayerNorm.bias   | UNEXPECTED |  | 
cls.predictions.bias                       | UNEXPECTED |  | 
cls.predictions.decoder.bias               | UNEXPECTED |  | 
cls.seq_relationship.weight                | UNEXPECTED |  | 
cls.predictions.decoder.weight             | UNEXPECTED |  | 
cls.predictions.transform.dense.weight     | UNEXPECTED |  | 
cls.predictions.transform.dense.bias       | UNEXPECTED |  | 
cls.predictions.transform.LayerNorm.weight | UNEXPECTED |  | 
cls.seq_relationship.bias                  | UNEXPECTED |  | 

Notes:
- UNEXPECTED:	can be ignored when loading from different task/architecture; not ok if you expect identical arch.
ep0 loss=0.7889 dev_QWK(naive)=80.741 553s
ep1 loss=0.5065 dev_QWK(naive)=81.642 554s
ep2 loss=0.3791 dev_QWK(naive)=83.075 554s
ep3 loss=0.2838 dev_QWK(naive)=81.721 554s
ep4 loss=0.2145 dev_QWK(naive)=81.802 554s
ep5 loss=0.1657 dev_QWK(naive)=82.036 553s
early stop
[marbert_soft_ad DEV  cal] QWK=83.9067 Acc19=35.70 Acc7=58.33 Acc5=65.32 Acc3=73.39 Adj+-1=73.13 MAE=1.1908
[marbert_soft_ad TEST cal] QWK=83.9067 Acc19=35.70 Acc7=58.33 Acc5=65.32 Acc3=73.39 Adj+-1=73.13 MAE=1.1908
saved scores_marbert_soft_ad.npz and checkpoint /SLRA-OT/scripts/../models/marbert_soft_ad
