
Loading weights:   0%|          | 0/199 [00:00<?, ?it/s]
Loading weights: 100%|██████████| 199/199 [00:00<00:00, 11068.23it/s]
[transformers] [1mBertModel LOAD REPORT[0m from: aubmindlab/bert-base-arabertv2
Key                                        | Status     |  | 
-------------------------------------------+------------+--+-
cls.predictions.transform.LayerNorm.weight | UNEXPECTED |  | 
cls.predictions.transform.dense.bias       | UNEXPECTED |  | 
cls.seq_relationship.weight                | UNEXPECTED |  | 
cls.predictions.bias                       | UNEXPECTED |  | 
cls.predictions.transform.LayerNorm.bias   | UNEXPECTED |  | 
cls.seq_relationship.bias                  | UNEXPECTED |  | 
cls.predictions.transform.dense.weight     | UNEXPECTED |  | 

Notes:
- UNEXPECTED:	can be ignored when loading from different task/architecture; not ok if you expect identical arch.
ep0 loss=2.0720 dev_QWK(naive)=80.473 648s
ep1 loss=1.4179 dev_QWK(naive)=83.535 686s
ep2 loss=1.1720 dev_QWK(naive)=82.249 663s
ep3 loss=0.9842 dev_QWK(naive)=82.401 494s
ep4 loss=0.8155 dev_QWK(naive)=81.994 490s
early stop
[arabertv2_wkl_c2 DEV  cal] QWK=84.3813 Acc19=39.23 Acc7=61.90 Acc5=68.04 Acc3=76.11 Adj+-1=73.16 MAE=1.1728
[arabertv2_wkl_c2 TEST cal] QWK=84.7073 Acc19=37.95 Acc7=60.60 Acc5=66.32 Acc3=74.07 Adj+-1=71.95 MAE=1.1710
saved scores_arabertv2_wkl_c2.npz and checkpoint /SLRA-OT/scripts/../models/arabertv2_wkl_c2
