[alldata] train=62155 (train+dev), holdout=test=7286

Loading weights:   0%|          | 0/197 [00:00<?, ?it/s]
Loading weights: 100%|██████████| 197/197 [00:00<00:00, 9649.40it/s]
[transformers] [1mElectraModel LOAD REPORT[0m from: aubmindlab/araelectra-base-discriminator
Key                                               | Status     |  | 
--------------------------------------------------+------------+--+-
discriminator_predictions.dense_prediction.weight | UNEXPECTED |  | 
discriminator_predictions.dense.weight            | UNEXPECTED |  | 
discriminator_predictions.dense_prediction.bias   | UNEXPECTED |  | 
discriminator_predictions.dense.bias              | UNEXPECTED |  | 

Notes:
- UNEXPECTED:	can be ignored when loading from different task/architecture; not ok if you expect identical arch.
ep0 loss=0.7918 dev_QWK(naive)=81.639 488s
ep1 loss=0.5315 dev_QWK(naive)=80.490 372s
ep2 loss=0.4291 dev_QWK(naive)=83.422 260s
ep3 loss=0.3485 dev_QWK(naive)=82.545 260s
ep4 loss=0.2835 dev_QWK(naive)=81.838 261s
ep5 loss=0.2343 dev_QWK(naive)=82.584 259s
early stop
[araelectra_soft_ad DEV  cal] QWK=84.4754 Acc19=35.18 Acc7=57.81 Acc5=65.63 Acc3=73.57 Adj+-1=73.21 MAE=1.1788
[araelectra_soft_ad TEST cal] QWK=84.4754 Acc19=35.18 Acc7=57.81 Acc5=65.63 Acc3=73.57 Adj+-1=73.21 MAE=1.1788
saved scores_araelectra_soft_ad.npz and checkpoint /SLRA-OT/scripts/../models/araelectra_soft_ad
